// Jest Snapshot v1, https://goo.gl/fbAQLP

exports[`Given a App when rendering should match snapshot 1`] = `<AppView />`;
