// Jest Snapshot v1, https://goo.gl/fbAQLP

exports[`Given a ParticleVortexShowcase when rendering should match snapshot 1`] = `ShallowWrapper {}`;
