// Jest Snapshot v1, https://goo.gl/fbAQLP

exports[`Given a ParticleVortexOnly when rendering should match snapshot 1`] = `
<ContainerDimensions>
  <Component />
</ContainerDimensions>
`;
