// Jest Snapshot v1, https://goo.gl/fbAQLP

exports[`Given a ParticleVortexShowcaseView when rendering should match snapshot 1`] = `ShallowWrapper {}`;
